1,Andy,5.2,2022-01-11T00:00:00,1,2000-01-01T00:00:00
2,Bella,99.99,2022-01-12T00:00:00,1,2000-01-01T00:00:00
11,Success,123.45,2022-01-13T00:00:00,1,2000-01-01T00:00:00
49,Sandy,123.45,2022-01-13T00:00:00,1,2000-01-01T00:00:00