0,Candy,999.99,2022-01-15T00:00:00,5d5edbcb6e892631896191e483a43837,1,2000-01-01T00:00:00
1,Andy,5.2,2022-01-11T00:00:00,2aef8bec35084da013026810dff5dd4b,1,2000-01-01T00:00:00
1,Andy,5.2,2022-01-11T00:00:00,2aef8bec35084da013026810dff5dd4b,1,2000-01-01T00:00:00
2,Bella,99.99,2022-01-12T00:00:00,ff1b47c2a05b43eb73ea8c308380b67c,1,2000-01-01T00:00:00
2,Bella,99.99,2022-01-12T00:00:00,ff1b47c2a05b43eb73ea8c308380b67c,1,2000-01-01T00:00:00
49,Sandy,123.45,2022-01-13T00:00:00,a4248ac7be78492389077621c07f1afe,1,2000-01-01T00:00:00
50,Mindy,0,2022-01-14T00:00:00,54aae8e461fe8f4e496c5e52684b4e54,1,2000-01-01T00:00:00