1,HARRY,1000,2020-01-01 00:00:00.0,null,DIGEST1
2,ROBERT,2000,2020-01-02 00:00:00.0,null,DIGEST2
3,ANDY,3000,2020-01-03 00:00:00.0,null,DIGEST3
3,ANDY,3100,2020-01-06 00:00:00.0,null,DIGEST3_UPDATED
4,MATT,4000,2020-01-04 00:00:00.0,null,DIGEST4