HARRY,1000,2022-12-01,f7cd27572192ed441b479526e4741677,1
ROBERT,2000,2022-12-02,c1e270e47dd44183847e26022491a0f4,1
ANDY,3000,2022-12-03,ddc893bc350aba9292db1e1ea5dff172,1
ROBERT,2000,2022-12-02,c1e270e47dd44183847e26022491a0f4,2
ANDY,3100,2022-12-03,508b8dba2c48cf5ea84f8133ebb12d90,2
MATT,4000,2022-12-06,ea65523c56a461d57df1ca1dd476dc89,2