1,1,DIGEST1,2022-01-02 00:00:00.0,2022-01-05 00:00:00.0,1,999999999
1,2,DIGEST2,2022-01-05 00:00:00.0,9999-12-31 23:59:59.0,1,999999999
2,3,DIGEST3,2022-01-02 00:00:00.0,9999-12-31 23:59:59.0,1,999999999
