1,Andy,1,11000,2012-01-01,1,1,1
2,Becky,1,21000,2012-02-01,1,1,1
3,Cathy,1,31000,2012-03-01,1,1,999999999
1,Andy,2,12000,2012-01-02,1,2,2
2,Becky,2,22000,2012-02-02,1,2,999999999
1,Andy,3,13000,2012-01-03,1,3,999999999
