HARRY,1000,2022-12-01
ROBERT,2000,2022-12-02
ANDY,3000,2022-12-03
ROBERT,2000,2022-12-02
ANDY,3100,2022-12-03
MATT,4000,2022-12-06