1,HARRY,10,2020-01-01 00:00:00.0,f71db66c9120cf7ca0ea9b8f45026934,1,999999999
2,ROBERT,2,2020-01-02 00:00:00.0,b97030c758205e5e8aad011f3214d70b,1,999999999
3,ANDY,8,2020-01-03 00:00:00.0,f61c866f4ca6a55915191a8965b58cbe,1,999999999
4,LIZA,9,2020-01-04 00:00:00.0,ae8be3e534acfa2ef47548927ea32ad9,1,999999999
