1,Andy,3,13000,2012-01-03,digest13
2,Becky,1,21000,2012-02-01,digest21
3,Cathy,1,31000,2012-03-01,digest31