HARRY,1000,2022-12-01,cc7cd58d30715f7492aff082817ecce2,1
ROBERT,2000,2022-12-02,4edbdb30f325f257b175a48a3c13819b,1
ANDY,3000,2022-12-03,2be8a637e184828fb8dd76eac47a5f3f,1
ROBERT,2000,2022-12-02,4edbdb30f325f257b175a48a3c13819b,2
ANDY,3100,2022-12-03,916f727a44f3f9dee228aaa5c5d7d4a0,2
MATT,4000,2022-12-06,3491bca22adbe8792ffddf307df4b446,2