1,Andy,5.20,2022-01-11 00:00:00.0,1
2,Bella,99.99,2022-01-12 00:00:00.0,1
49,Sandy,123.45,2022-01-13 00:00:00.0,1