1,Andy,5.20,2022-01-11 00:00:00.0,4B39799C7A1FB5EFC4BC328966A159E0,xyz123,2000-01-01 00:00:00.0
2,Bella,99.99,2022-01-12 00:00:00.0,58467B440BCED7607369DC8A260B0607,xyz123,2000-01-01 00:00:00.0
49,Sandy,123.45,2022-01-13 00:00:00.0,29B8C8A6CD28B069290372E6B54B6C72,xyz123,2000-01-01 00:00:00.0