1,Andy,5.20,2022-01-11 00:00:00.0,6366D6AFD9E8B991393E719A5A4E6D35,2000-01-01 00:00:00.0
2,Bella,99.99,2022-01-12 00:00:00.0,C556B5DC2B9F3A66000202DF9D98EC05,2000-01-01 00:00:00.0
49,Sandy,123.45,2022-01-13 00:00:00.0,051D68CF86951CDE0DF875915940AEC6,2000-01-01 00:00:00.0