1,Andy,5.20,2022-01-11 00:00:00.0,127d176e620b42d5d223ff598c0166a6,1,2000-01-01 00:00:00.0
2,Bella,99.99,2022-01-12 00:00:00.0,cc14d260fc21159e3c862132d51145d4,1,2000-01-01 00:00:00.0
49,Sandy,123.45,2022-01-13 00:00:00.0,5c03481d9a66afee668d67c3be657b3b,1,2000-01-01 00:00:00.0