1,HARRY,1000,2022-12-01,DIGEST1,2023-01-01 00:00:00,1,999999999
2,ROBERT,2000,2022-12-02,DIGEST2,2023-01-01 00:00:00,1,999999999
3,ANDY,3000,2022-12-03,DIGEST3,2023-01-01 00:00:00,1,999999999