A1,A2,10,2015-09-25 00:00:00.0,DIGEST1,1,1,2015-09-25 00:00:00.0,9999-12-31 23:59:59.0
A1,A2,11,2015-09-26 00:00:00.0,DIGEST2,1,3,2015-09-26 00:00:00.0,9999-12-31 23:59:59.0
A1,A2,12,2015-09-27 00:00:00.0,DIGEST3,1,3,2015-09-27 00:00:00.0,9999-12-31 23:59:59.0
A1,A2,13,2015-09-28 00:00:00.0,DIGEST4,1,1,2015-09-28 00:00:00.0,9999-12-31 23:59:59.0
B1,B2,10,2015-09-25 00:00:00.0,DIGEST5,1,3,2015-09-25 00:00:00.0,9999-12-31 23:59:59.0
A1,A2,10,2015-09-25 00:00:00.0,DIGEST1_UPDATED,2,3,2015-09-25 00:00:00.0,9999-12-31 23:59:59.0
A1,A2,33,2015-09-28 00:00:00.0,DIGEST4_UPDATED,2,2,2015-09-28 00:00:00.0,9999-12-31 23:59:59.0
C1,C2,10,2015-09-28 00:00:00.0,DIGEST6,2,2,2015-09-28 00:00:00.0,9999-12-31 23:59:59.0
A1,A2,33,2015-09-28 00:00:00.0,DIGEST4_UPDATED2,3,3,2015-09-28 00:00:00.0,9999-12-31 23:59:59.0
