1,HARRY,1000,2020-01-01 00:00:00.0,2022-12-01,DIGEST1,1,2000-01-01 00:00:02.0
2,ROBERT,2000,2020-01-02 00:00:00.0,2022-12-02,DIGEST2,1,2000-01-01 00:00:02.0
3,ANDY,3000,2020-01-03 00:00:00.0,2022-12-03,DIGEST3,1,2000-01-01 00:00:02.0
3,ANDY,4000,2020-01-03 00:00:00.0,2022-12-03,DIGEST4,2,2000-01-01 00:00:03.0
2,ROBERT,2001,2020-01-02 00:00:00.0,2022-12-02,DIGEST2_UPDATED,2,2000-01-01 00:00:06.0
4,SANDY,4000,2020-01-04 00:00:00.0,2022-12-04,DIGEST5,1,2000-01-01 00:00:06.0
