1,HARRY,1000,2022-12-01,DIGEST1,2023-01-01 00:00:00,2000-01-01T00:00:00
2,ROBERT,2000,2022-12-02,DIGEST2,2023-01-01 00:00:00,2000-01-01T00:00:00
3,ANDY,3100,2022-12-03,DIGEST3_UPDATED,2023-01-02 00:00:00,2000-01-02T00:00:00
4,MATT,4000,2022-12-06,DIGEST4,2023-01-02 00:00:00,2000-01-02T00:00:00