1,Andy,3,3000,2012-01-03,digest3
2,Becky,1,4000,2012-01-04,digest4
2,Becky,1,4000,2012-01-04,digest4
3,Cathy,1,5000,2012-01-05,digest5