2000-01-01 00:00:02.0,1,HARRY,1000,2020-01-01 00:00:00.0,2022-12-01,DIGEST1
2000-01-01 00:00:02.0,2,ROBERT,2000,2020-01-02 00:00:00.0,2022-12-02,DIGEST2
2000-01-01 00:00:02.0,3,ANDY,3000,2020-01-03 00:00:00.0,2022-12-03,DIGEST3
2000-01-01 00:00:03.0,1,HARRISON,11000,2020-01-01 00:00:00.0,2022-12-01,DIGEST4
2000-01-01 00:00:03.0,2,ROBERTO,21000,2020-01-02 00:00:00.0,2022-12-02,DIGEST5