1,HARRY,10,2020-01-01 00:00:00.0,1,fcdbc3e3c0abd235bbc0b5034c97c2a1,11,999999999
2,ROBERT,2,2020-01-02 00:00:00.0,1,2eb61baf433ed4db157dc1c4adf6356c,11,999999999
3,ANDY,9,2020-01-03 00:00:00.0,2,d41fec0c0c2c4ca4742b3d1724e8d462,11,999999999
4,LIZA,10,2020-01-04 00:00:00.0,2,1c66d511aa9a7efe2dc635d681555c9a,11,999999999
