4,MICHEL,4001,2020-01-04 00:00:00.0,2022-12-04,DIGEST4_UPDATED,2
5,LIZA,5001,2020-01-05 00:00:00.0,2022-12-05,DIGEST5_UPDATED,2
6,MINDY,6001,2020-01-06 00:00:00.0,2022-12-06,DIGEST6,2