1,HARRY,1000,2020-01-01 00:00:00.0,null,DIGEST1,1,999999999
2,ROBERT,2000,2020-01-02 00:00:00.0,null,DIGEST2,1,999999999
3,ANDY,3000,2020-01-03 00:00:00.0,null,DIGEST3,1,1
3,ANDY,3100,2020-01-03 00:00:00.0,null,DIGEST3_UPDATED,2,999999999
4,MATT,6000,2020-01-06 00:00:00.0,null,DIGEST4,2,999999999
