1,1,DIGEST1,2022-01-01 00:00:00.0,2022-01-02 00:00:00.0,1,1
1,2,DIGEST2,2022-01-02 00:00:00.0,2022-01-03 00:00:00.0,1,1
1,3,DIGEST3,2022-01-03 00:00:00.0,2022-01-04 00:00:00.0,1,1
1,4,DIGEST4,2022-01-04 00:00:00.0,2022-01-05 00:00:00.0,1,999999999
1,5,DIGEST5,2022-01-05 00:00:00.0,2022-01-06 00:00:00.0,1,1
1,6,DIGEST6,2022-01-06 00:00:00.0,2022-01-07 00:00:00.0,1,1
1,7,DIGEST7,2022-01-07 00:00:00.0,2022-01-08 00:00:00.0,1,1
1,8,DIGEST8,2022-01-08 00:00:00.0,2022-01-09 00:00:00.0,1,999999999
1,9,DIGEST9,2022-01-09 00:00:00.0,9999-12-31 23:59:59.0,1,999999999
1,1,DIGEST1,2022-01-01 00:00:00.0,2022-01-04 00:00:00.0,2,999999999
1,5,DIGEST5,2022-01-05 00:00:00.0,2022-01-08 00:00:00.0,2,999999999
