ANDY,3000,2022-12-03,2023-01-01 00:00:00,9c2a1f527ad190aa711225fa9818824d,1
ANDY,3100,2022-12-03,2023-01-02 00:00:00,31313babbf5e5780c80025e3bad06539,2
HARRY,1000,2022-12-01,2023-01-01 00:00:00,3f9591dc633164f21b62d70adda1e371,1
MATT,4000,2022-12-06,2023-01-02 00:00:00,2710955bcb272ceb9d1a8e912feac943,2
ROBERT,2000,2022-12-02,2023-01-01 00:00:00,e9acac84f646a2d50ab355ac59789a01,1
ROBERT,2000,2022-12-02,2023-01-02 00:00:00,e9acac84f646a2d50ab355ac59789a01,2