3,ANDY,3000,2022-12-03,2023-01-01 00:00:00,ab516a99f05bc4c9df9524b24e2e79fe,2000-01-01T00:00:00,1
1,HARRY,1000,2022-12-01,2023-01-01 00:00:00,ca6964c25446026f294fca2cf80e9781,2000-01-01T00:00:00,1
2,ROBERT,2000,2022-12-02,2023-01-01 00:00:00,f9ea83fc52c7548d74f9b7cb6d49313f,2000-01-01T00:00:00,1