1,HARRY,this is a very long hello,abcdefghij,hellohello,DIGEST1,2000-01-01 00:00:00.0,1
2,ROBERT,this is a very long hello,abcdefghij,hellohello,DIGEST2,2000-01-01 00:00:00.0,1
3,ANDY,this is a very long hello,abcdefghij,hellohello,DIGEST3,2000-01-01 00:00:00.0,1
4,MATT,this is a very long hello,abcdefghij,hellohello,DIGEST4,2000-01-03 00:00:00.0,2