1,HARRY,string1,DIGEST1,2000-01-01 00:00:00.0,1
2,ROBERT,string1,DIGEST2,2000-01-01 00:00:00.0,1
3,ANDY,string1,DIGEST3,2000-01-01 00:00:00.0,1
4,MATT,string1,DIGEST4,2000-01-03 00:00:00.0,2
