1,PRODUCT1,10,2020-01-01 00:00:00.0,DIGEST1,1,999999999,2000-01-01 00:00:00.0,9999-12-31 23:59:59.0
2,PRODUCT2,9,2021-01-01 00:00:00.0,DIGEST2,1,999999999,2000-01-01 00:00:00.0,9999-12-31 23:59:59.0
3,PRODUCT3,8,2022-01-01 00:00:00.0,DIGEST3,1,999999999,2000-01-01 00:00:00.0,9999-12-31 23:59:59.0