39915188,1250000,DIGEST1,2022-04-30T00:00:00,9999-12-31T23:59:59,1,999999999
