39915188,1250000,DIGEST1,2022-04-30T00:00:00,9999-12-31T23:59:59,1,1
39915188,124000,DIGEST2,2022-05-31T00:00:00,9999-12-31T23:59:59,2,2
39915188,1250000,DIGEST1,2022-04-30T00:00:00,2022-05-31T00:00:00,2,999999999
39915188,120000,DIGEST3,2022-09-30T00:00:00,9999-12-31T23:59:59,3,999999999
39915188,124000,DIGEST2,2022-05-31T00:00:00,2022-09-30T00:00:00,3,999999999
