39915188,1250000,DIGEST1,2022-04-30 00:00:00.0,2022-05-31 00:00:00.0,1,999999999
39915188,124000,DIGEST2,2022-05-31 00:00:00.0,9999-12-31 23:59:59.0,1,999999999
