1,Andy,5.20,2022-01-11 00:00:00.0,9fc62c73317227ab0760aed72f4fee17,1,2000-01-01 00:00:00.0
2,Bella,99.99,2022-01-12 00:00:00.0,b0383f1a479eb2a6c5186f045af4c51f,1,2000-01-01 00:00:00.0
49,Sandy,123.45,2022-01-13 00:00:00.0,dc170980c8540e2a667753e793dad94c,1,2000-01-01 00:00:00.0