1001,225000,DIGEST1_1,2022-01-11 00:00:00.0,9999-12-31 23:59:59.0,1,999999999
1002,225000,DIGEST2_1,2022-01-11 00:00:00.0,9999-12-31 23:59:59.0,1,999999999
1003,225000,DIGEST3_1,2022-01-11 00:00:00.0,9999-12-31 23:59:59.0,1,999999999
