1,HARRY,1000,2020-01-01 00:00:00.0,2022-12-01,1,c0a26fd6a78ed9344f8b7a9380d7b7a7,2000-01-01 00:00:02.0,1
2,ROBERT,2000,2020-01-02 00:00:00.0,2022-12-02,1,bb41db26c50794b2daefd379cf7603e8,2000-01-01 00:00:02.0,1
3,ANDY,3000,2020-01-03 00:00:00.0,2022-12-03,1,dab5f100b4c9fd3303e64d356ff4b349,2000-01-01 00:00:02.0,1
3,ANDY,4000,2020-01-03 00:00:00.0,2022-12-03,2,5065a7e68c39d8c0789a7c5e8094f436,2000-01-01 00:00:04.0,2
1,HARRY,1000,2020-01-01 00:00:00.0,2022-12-01,1,c0a26fd6a78ed9344f8b7a9380d7b7a7,2000-01-01 00:00:08.0,3
2,ROBERT,2001,2020-01-02 00:00:00.0,2022-12-02,2,1de7fec46c71f10715f9c99db8c7376a,2000-01-01 00:00:08.0,3
4,SANDY,4000,2020-01-04 00:00:00.0,2022-12-04,1,6166d91ab0f8ff0434e6c32ba248f7b5,2000-01-01 00:00:08.0,3
