1,Andy,3,13000,2012-01-03,digest13
2,Becky,2,22000,2012-02-02,digest22
3,Cathy,1,31000,2012-03-01,digest31
4,Dexter,1,41000,2012-04-01,digest41