ANDY,3000,2022-12-03,1
MINDY,4000,2022-12-04,1
ROBERT,2000,2022-12-05,2
MATT,4000,2022-12-05,2