2021-12-01,IBM,116.92,5958300,DIGEST1,1,999999999,2000-01-01 00:00:00.0,9999-12-31 23:59:59.0
2021-12-01,JPM,161.00,12253400,DIGEST2,1,999999999,2000-01-01 00:00:00.0,9999-12-31 23:59:59.0
2021-12-01,GS,383.82,2476000,DIGEST3,1,999999999,2000-01-01 00:00:00.0,9999-12-31 23:59:59.0
2021-12-02,IBM,117.37,5267100,DIGEST4,1,999999999,2000-01-01 00:00:00.0,9999-12-31 23:59:59.0
2021-12-02,JPMX,159.83,12969900,DIGEST5,1,1,2000-01-01 00:00:00.0,2000-01-01 00:00:00.0
2021-12-02,GS,37800.00,3343700,DIGEST6,1,1,2000-01-01 00:00:00.0,2000-01-01 00:00:00.0
2021-12-02,JPM,159.83,12969900,DIGEST7,2,999999999,2000-01-01 00:00:00.0,9999-12-31 23:59:59.0
2021-12-02,GS,378.00,3343700,DIGEST8,2,999999999,2000-01-01 00:00:00.0,9999-12-31 23:59:59.0
