1,Andy,1000,2012-01-01,digest1,3
2,Becky,2000,2012-01-02,digest2,2
3,Cathy,3000,2012-01-03,digest3,1